{"blocks":[{"type":"section","text":{"type":"mrkdwn","text":"Test message for Code Monitor 'My test monitor'"}}],"replace_original":false,"delete_original":false}