{
  "Input": "type:symbol Main",
  "Query": "DOES NOT APPLY"
}