{
  "Input": "type:symbol com.example.Main",
  "Query": "type:symbol com.example Main"
}