{
  "Input": "type:symbol com.example Main",
  "Query": "DOES NOT APPLY"
}